Archive member included to satisfy reference by file (symbol)

C:/ST/STM32CubeIDE_1.18.0/STM32CubeIDE/plugins/com.st.stm32cube.ide.mcu.externaltools.gnu-tools-for-stm32.13.3.rel1.win32_1.0.0.202411081344/tools/bin/../lib/gcc/arm-none-eabi/13.3.1/../../../../arm-none-eabi/lib\libc.a(libc_a-exit.o)
                              C:/ST/STM32CubeIDE_1.18.0/STM32CubeIDE/plugins/com.st.stm32cube.ide.mcu.externaltools.gnu-tools-for-stm32.13.3.rel1.win32_1.0.0.202411081344/tools/bin/../lib/gcc/arm-none-eabi/13.3.1/../../../../arm-none-eabi/lib/crt0.o (exit)
C:/ST/STM32CubeIDE_1.18.0/STM32CubeIDE/plugins/com.st.stm32cube.ide.mcu.externaltools.gnu-tools-for-stm32.13.3.rel1.win32_1.0.0.202411081344/tools/bin/../lib/gcc/arm-none-eabi/13.3.1/../../../../arm-none-eabi/lib\libc.a(libc_a-findfp.o)
                              C:/ST/STM32CubeIDE_1.18.0/STM32CubeIDE/plugins/com.st.stm32cube.ide.mcu.externaltools.gnu-tools-for-stm32.13.3.rel1.win32_1.0.0.202411081344/tools/bin/../lib/gcc/arm-none-eabi/13.3.1/../../../../arm-none-eabi/lib\libc.a(libc_a-exit.o) (__stdio_exit_handler)
C:/ST/STM32CubeIDE_1.18.0/STM32CubeIDE/plugins/com.st.stm32cube.ide.mcu.externaltools.gnu-tools-for-stm32.13.3.rel1.win32_1.0.0.202411081344/tools/bin/../lib/gcc/arm-none-eabi/13.3.1/../../../../arm-none-eabi/lib\libc.a(libc_a-fwalk.o)
                              C:/ST/STM32CubeIDE_1.18.0/STM32CubeIDE/plugins/com.st.stm32cube.ide.mcu.externaltools.gnu-tools-for-stm32.13.3.rel1.win32_1.0.0.202411081344/tools/bin/../lib/gcc/arm-none-eabi/13.3.1/../../../../arm-none-eabi/lib\libc.a(libc_a-findfp.o) (_fwalk_sglue)
C:/ST/STM32CubeIDE_1.18.0/STM32CubeIDE/plugins/com.st.stm32cube.ide.mcu.externaltools.gnu-tools-for-stm32.13.3.rel1.win32_1.0.0.202411081344/tools/bin/../lib/gcc/arm-none-eabi/13.3.1/../../../../arm-none-eabi/lib\libc.a(libc_a-stdio.o)
                              C:/ST/STM32CubeIDE_1.18.0/STM32CubeIDE/plugins/com.st.stm32cube.ide.mcu.externaltools.gnu-tools-for-stm32.13.3.rel1.win32_1.0.0.202411081344/tools/bin/../lib/gcc/arm-none-eabi/13.3.1/../../../../arm-none-eabi/lib\libc.a(libc_a-findfp.o) (__sread)
C:/ST/STM32CubeIDE_1.18.0/STM32CubeIDE/plugins/com.st.stm32cube.ide.mcu.externaltools.gnu-tools-for-stm32.13.3.rel1.win32_1.0.0.202411081344/tools/bin/../lib/gcc/arm-none-eabi/13.3.1/../../../../arm-none-eabi/lib\libc.a(libc_a-memset.o)
                              C:/ST/STM32CubeIDE_1.18.0/STM32CubeIDE/plugins/com.st.stm32cube.ide.mcu.externaltools.gnu-tools-for-stm32.13.3.rel1.win32_1.0.0.202411081344/tools/bin/../lib/gcc/arm-none-eabi/13.3.1/../../../../arm-none-eabi/lib/crt0.o (memset)
C:/ST/STM32CubeIDE_1.18.0/STM32CubeIDE/plugins/com.st.stm32cube.ide.mcu.externaltools.gnu-tools-for-stm32.13.3.rel1.win32_1.0.0.202411081344/tools/bin/../lib/gcc/arm-none-eabi/13.3.1/../../../../arm-none-eabi/lib\libc.a(libc_a-closer.o)
                              C:/ST/STM32CubeIDE_1.18.0/STM32CubeIDE/plugins/com.st.stm32cube.ide.mcu.externaltools.gnu-tools-for-stm32.13.3.rel1.win32_1.0.0.202411081344/tools/bin/../lib/gcc/arm-none-eabi/13.3.1/../../../../arm-none-eabi/lib\libc.a(libc_a-stdio.o) (_close_r)
C:/ST/STM32CubeIDE_1.18.0/STM32CubeIDE/plugins/com.st.stm32cube.ide.mcu.externaltools.gnu-tools-for-stm32.13.3.rel1.win32_1.0.0.202411081344/tools/bin/../lib/gcc/arm-none-eabi/13.3.1/../../../../arm-none-eabi/lib\libc.a(libc_a-reent.o)
                              C:/ST/STM32CubeIDE_1.18.0/STM32CubeIDE/plugins/com.st.stm32cube.ide.mcu.externaltools.gnu-tools-for-stm32.13.3.rel1.win32_1.0.0.202411081344/tools/bin/../lib/gcc/arm-none-eabi/13.3.1/../../../../arm-none-eabi/lib\libc.a(libc_a-closer.o) (errno)
C:/ST/STM32CubeIDE_1.18.0/STM32CubeIDE/plugins/com.st.stm32cube.ide.mcu.externaltools.gnu-tools-for-stm32.13.3.rel1.win32_1.0.0.202411081344/tools/bin/../lib/gcc/arm-none-eabi/13.3.1/../../../../arm-none-eabi/lib\libc.a(libc_a-impure.o)
                              C:/ST/STM32CubeIDE_1.18.0/STM32CubeIDE/plugins/com.st.stm32cube.ide.mcu.externaltools.gnu-tools-for-stm32.13.3.rel1.win32_1.0.0.202411081344/tools/bin/../lib/gcc/arm-none-eabi/13.3.1/../../../../arm-none-eabi/lib\libc.a(libc_a-reent.o) (_impure_ptr)
C:/ST/STM32CubeIDE_1.18.0/STM32CubeIDE/plugins/com.st.stm32cube.ide.mcu.externaltools.gnu-tools-for-stm32.13.3.rel1.win32_1.0.0.202411081344/tools/bin/../lib/gcc/arm-none-eabi/13.3.1/../../../../arm-none-eabi/lib\libc.a(libc_a-lseekr.o)
                              C:/ST/STM32CubeIDE_1.18.0/STM32CubeIDE/plugins/com.st.stm32cube.ide.mcu.externaltools.gnu-tools-for-stm32.13.3.rel1.win32_1.0.0.202411081344/tools/bin/../lib/gcc/arm-none-eabi/13.3.1/../../../../arm-none-eabi/lib\libc.a(libc_a-stdio.o) (_lseek_r)
C:/ST/STM32CubeIDE_1.18.0/STM32CubeIDE/plugins/com.st.stm32cube.ide.mcu.externaltools.gnu-tools-for-stm32.13.3.rel1.win32_1.0.0.202411081344/tools/bin/../lib/gcc/arm-none-eabi/13.3.1/../../../../arm-none-eabi/lib\libc.a(libc_a-readr.o)
[...]
Memory Configuration

Name             Origin             Length             Attributes
RAM              0x20000000         0x00002800         xrw
FLASH            0x08000000         0x00008000         xr
*default*        0x00000000         0xffffffff

Linker script and memory map

LOAD C:/ST/STM32CubeIDE_1.18.0/STM32CubeIDE/plugins/com.st.stm32cube.ide.mcu.externaltools.gnu-tools-for-stm32.13.3.rel1.win32_1.0.0.202411081344/tools/bin/../lib/gcc/arm-none-eabi/13.3.1/crti.o
LOAD C:/ST/STM32CubeIDE_1.18.0/STM32CubeIDE/plugins/com.st.stm32cube.ide.mcu.externaltools.gnu-tools-for-stm32.13.3.rel1.win32_1.0.0.202411081344/tools/bin/../lib/gcc/arm-none-eabi/13.3.1/crtbegin.o
LOAD C:/ST/STM32CubeIDE_1.18.0/STM32CubeIDE/plugins/com.st.stm32cube.ide.mcu.externaltools.gnu-tools-for-stm32.13.3.rel1.win32_1.0.0.202411081344/tools/bin/../lib/gcc/arm-none-eabi/13.3.1/../../../../arm-none-eabi/lib/crt0.o
START GROUP
END GROUP
LOAD CMakeFiles/msmk2.dir/Sources/main.cc.obj
LOAD CMakeFiles/msmk2.dir/Sources/spi.cc.obj
LOAD CMakeFiles/msmk2.dir/Sources/gpio.cc.obj
LOAD CMakeFiles/msmk2.dir/Startup/startup_stm32f103c6tx.s.obj
LOAD CMakeFiles/msmk2.dir/Sources/syscalls.c.obj
LOAD CMakeFiles/msmk2.dir/Sources/sysmem.c.obj
LOAD C:/ST/STM32CubeIDE_1.18.0/STM32CubeIDE/plugins/com.st.stm32cube.ide.mcu.externaltools.gnu-tools-for-stm32.13.3.rel1.win32_1.0.0.202411081344/tools/bin/../lib/gcc/arm-none-eabi/13.3.1/../../../../arm-none-eabi/lib\libstdc++.a
LOAD C:/ST/STM32CubeIDE_1.18.0/STM32CubeIDE/plugins/com.st.stm32cube.ide.mcu.externaltools.gnu-tools-for-stm32.13.3.rel1.win32_1.0.0.202411081344/tools/bin/../lib/gcc/arm-none-eabi/13.3.1/../../../../arm-none-eabi/lib\libm.a
LOAD C:/ST/STM32CubeIDE_1.18.0/STM32CubeIDE/plugins/com.st.stm32cube.ide.mcu.externaltools.gnu-tools-for-stm32.13.3.rel1.win32_1.0.0.202411081344/tools/bin/../lib/gcc/arm-none-eabi/13.3.1/../../../../arm-none-eabi/lib\libc.a
START GROUP
LOAD C:/ST/STM32CubeIDE_1.18.0/STM32CubeIDE/plugins/com.st.stm32cube.ide.mcu.externaltools.gnu-tools-for-stm32.13.3.rel1.win32_1.0.0.202411081344/tools/bin/../lib/gcc/arm-none-eabi/13.3.1\libgcc.a
LOAD C:/ST/STM32CubeIDE_1.18.0/STM32CubeIDE/plugins/com.st.stm32cube.ide.mcu.externaltools.gnu-tools-for-stm32.13.3.rel1.win32_1.0.0.202411081344/tools/bin/../lib/gcc/arm-none-eabi/13.3.1/../../../../arm-none-eabi/lib\libg.a
LOAD C:/ST/STM32CubeIDE_1.18.0/STM32CubeIDE/plugins/com.st.stm32cube.ide.mcu.externaltools.gnu-tools-for-stm32.13.3.rel1.win32_1.0.0.202411081344/tools/bin/../lib/gcc/arm-none-eabi/13.3.1/../../../../arm-none-eabi/lib\libc.a
END GROUP
START GROUP
LOAD C:/ST/STM32CubeIDE_1.18.0/STM32CubeIDE/plugins/com.st.stm32cube.ide.mcu.externaltools.gnu-tools-for-stm32.13.3.rel1.win32_1.0.0.202411081344/tools/bin/../lib/gcc/arm-none-eabi/13.3.1\libgcc.a
LOAD C:/ST/STM32CubeIDE_1.18.0/STM32CubeIDE/plugins/com.st.stm32cube.ide.mcu.externaltools.gnu-tools-for-stm32.13.3.rel1.win32_1.0.0.202411081344/tools/bin/../lib/gcc/arm-none-eabi/13.3.1/../../../../arm-none-eabi/lib\libc.a
LOAD C:/ST/STM32CubeIDE_1.18.0/STM32CubeIDE/plugins/com.st.stm32cube.ide.mcu.externaltools.gnu-tools-for-stm32.13.3.rel1.win32_1.0.0.202411081344/tools/bin/../lib/gcc/arm-none-eabi/13.3.1/../../../../arm-none-eabi/lib\libnosys.a
END GROUP
LOAD C:/ST/STM32CubeIDE_1.18.0/STM32CubeIDE/plugins/com.st.stm32cube.ide.mcu.externaltools.gnu-tools-for-stm32.13.3.rel1.win32_1.0.0.202411081344/tools/bin/../lib/gcc/arm-none-eabi/13.3.1/crtend.o
LOAD C:/ST/STM32CubeIDE_1.18.0/STM32CubeIDE/plugins/com.st.stm32cube.ide.mcu.externaltools.gnu-tools-for-stm32.13.3.rel1.win32_1.0.0.202411081344/tools/bin/../lib/gcc/arm-none-eabi/13.3.1/crtn.o
                0x20002800                        _estack = (ORIGIN (RAM) + LENGTH (RAM))
                0x00000200                        _Min_Heap_Size = 0x200
                0x00000400                        _Min_Stack_Size = 0x400

.isr_vector     0x08000000      0x130
                0x08000000                        . = ALIGN (0x4)
 *(.isr_vector)
 .isr_vector    0x08000000      0x130 CMakeFiles/msmk2.dir/Startup/startup_stm32f103c6tx.s.obj
                0x08000000                g_pfnVectors
                0x08000130                        . = ALIGN (0x4)

.text           0x08000130     0x1f2c
                0x08000130                        . = ALIGN (0x4)
 *(.text)
 .text          0x08000130       0x70 C:/ST/STM32CubeIDE_1.18.0/STM32CubeIDE/plugins/com.st.stm32cube.ide.mcu.externaltools.gnu-tools-for-stm32.13.3.rel1.win32_1.0.0.202411081344/tools/bin/../lib/gcc/arm-none-eabi/13.3.1/crtbegin.o
 .text          0x080001a0       0x20 CMakeFiles/msmk2.dir/Sources/main.cc.obj
                0x080001a0                main
 .text          0x080001c0      0x160 CMakeFiles/msmk2.dir/Sources/gpio.cc.obj
                0x080001c0                GPIOConfigInfo::delay_ms(unsigned long)
                0x08000240                GPIOConfigInfo::GPIO_CustomInit()
                0x080002bc                GPIOConfigInfo::GPIO_CustomToggleBlink()
 .text          0x08000320      0x204 CMakeFiles/msmk2.dir/Sources/syscalls.c.obj
                0x08000320                initialise_monitor_handles
                0x0800032c                _getpid
                0x0800033a                _kill
                0x0800035a                _exit
                0x08000370                _read
                0x080003aa                _write
                0x080003e2                _close
                0x080003f8                _fstat
                0x08000416                _isatty
                0x0800042a                _lseek
                0x08000442                _open
                0x0800045c                _wait
                0x0800047a                _unlink
                0x08000498                _times
                0x080004ae                _stat
                0x080004cc                _link
                0x080004ec                _fork
                0x08000502                _execve
 .text          0x08000524     0x1084 C:/ST/STM32CubeIDE_1.18.0/STM32CubeIDE/plugins/com.st.stm32cube.ide.mcu.externaltools.gnu-tools-for-stm32.13.3.rel1.win32_1.0.0.202411081344/tools/bin/../lib/gcc/arm-none-eabi/13.3.1\libgcc.a(unwind-arm.o)
                0x08000998                _Unwind_GetCFA
                0x080009a0                __gnu_Unwind_RaiseException
                0x08000a4c                __gnu_Unwind_ForcedUnwind
                0x08000a74                __gnu_Unwind_Resume
                0x08000aec                __gnu_Unwind_Resume_or_Rethrow
                0x08000b08                _Unwind_Complete
                0x08000b0c                _Unwind_DeleteException
                0x08000b24                _Unwind_VRS_Get
                0x08000bc0                _Unwind_VRS_Set
                0x08000c5c                __gnu_Unwind_Backtrace
                0x08001144                __aeabi_unwind_cpp_pr0
                0x0800114c                __aeabi_unwind_cpp_pr1
                0x08001154                __aeabi_unwind_cpp_pr2
                0x0800115c                _Unwind_VRS_Pop
 .text          0x080015a8      0x1b0 C:/ST/STM32CubeIDE_1.18.0/STM32CubeIDE/plugins/com.st.stm32cube.ide.mcu.externaltools.gnu-tools-for-stm32.13.3.rel1.win32_1.0.0.202411081344/tools/bin/../lib/gcc/arm-none-eabi/13.3.1\libgcc.a(libunwind.o)
                0x080015a8                __restore_core_regs
                0x080015a8                restore_core_regs
                0x080015c4                __gnu_Unwind_Restore_VFP
                0x080015cc                __gnu_Unwind_Save_VFP
                0x080015d4                __gnu_Unwind_Restore_VFP_D
                0x080015dc                __gnu_Unwind_Save_VFP_D
                0x080015e4                __gnu_Unwind_Restore_VFP_D_16_to_31
                0x080015ec                __gnu_Unwind_Save_VFP_D_16_to_31
                0x080015f4                __gnu_Unwind_Restore_WMMXD
                0x08001638                __gnu_Unwind_Save_WMMXD
                0x0800167c                __gnu_Unwind_Restore_WMMXC
                0x08001690                __gnu_Unwind_Save_WMMXC
                0x080016a4                ___Unwind_RaiseException
                0x080016a4                _Unwind_RaiseException
                0x080016c8                _Unwind_Resume
                0x080016c8                ___Unwind_Resume
                0x080016ec                _Unwind_Resume_or_Rethrow
                0x080016ec                ___Unwind_Resume_or_Rethrow
                0x08001710                _Unwind_ForcedUnwind
                0x08001710                ___Unwind_ForcedUnwind
                0x08001734                ___Unwind_Backtrace
                0x08001734                _Unwind_Backtrace
 .text          0x08001758      0x584 C:/ST/STM32CubeIDE_1.18.0/STM32CubeIDE/plugins/com.st.stm32cube.ide.mcu.externaltools.gnu-tools-for-stm32.13.3.rel1.win32_1.0.0.202411081344/tools/bin/../lib/gcc/arm-none-eabi/13.3.1\libgcc.a(pr-support.o)
                0x080017ec                __gnu_unwind_execute
                0x08001c5c                __gnu_unwind_frame
                0x08001ca8                _Unwind_GetRegionStart
                0x08001cbc                _Unwind_GetLanguageSpecificData
 *(.text*)
 .text.Reset_Handler
                0x08001cdc       0x50 CMakeFiles/msmk2.dir/Startup/startup_stm32f103c6tx.s.obj
                0x08001cdc                Reset_Handler
 .text.Default_Handler
                0x08001d2c        0x2 CMakeFiles/msmk2.dir/Startup/startup_stm32f103c6tx.s.obj
                0x08001d2c                EXTI2_IRQHandler
                0x08001d2c                TIM8_TRG_COM_IRQHandler
                0x08001d2c                TIM8_CC_IRQHandler
                0x08001d2c                DebugMon_Handler
                0x08001d2c                TIM1_CC_IRQHandler
                0x08001d2c                HardFault_Handler
                0x08001d2c                TIM6_IRQHandler
                0x08001d2c                SysTick_Handler
                0x08001d2c                PVD_IRQHandler
                0x08001d2c                SDIO_IRQHandler
                0x08001d2c                PendSV_Handler
                0x08001d2c                NMI_Handler
                0x08001d2c                EXTI3_IRQHandler
                0x08001d2c                USB_HP_CAN_TX_IRQHandler
                0x08001d2c                EXTI0_IRQHandler
                0x08001d2c                I2C2_EV_IRQHandler
                0x08001d2c                UsageFault_Handler
                0x08001d2c                ADC1_2_IRQHandler
                0x08001d2c                SPI1_IRQHandler
                0x08001d2c                CAN_SCE_IRQHandler
                0x08001d2c                TAMPER_IRQHandler
                0x08001d2c                TIM8_UP_IRQHandler
                0x08001d2c                DMA2_Channel2_IRQHandler
                0x08001d2c                DMA1_Channel4_IRQHandler
                0x08001d2c                USART3_IRQHandler
                0x08001d2c                RTC_IRQHandler
                0x08001d2c                DMA1_Channel7_IRQHandler
                0x08001d2c                UART5_IRQHandler
                0x08001d2c                ADC3_IRQHandler
                0x08001d2c                TIM4_IRQHandler
                0x08001d2c                CAN_RX1_IRQHandler
                0x08001d2c                DMA2_Channel1_IRQHandler
                0x08001d2c                I2C1_EV_IRQHandler
                0x08001d2c                DMA1_Channel6_IRQHandler
                0x08001d2c                UART4_IRQHandler
                0x08001d2c                TIM3_IRQHandler
                0x08001d2c                RCC_IRQHandler
                0x08001d2c                TIM1_TRG_COM_IRQHandler
                0x08001d2c                DMA1_Channel1_IRQHandler
                0x08001d2c                Default_Handler
                0x08001d2c                EXTI15_10_IRQHandler
                0x08001d2c                TIM7_IRQHandler
                0x08001d2c                TIM5_IRQHandler
                0x08001d2c                EXTI9_5_IRQHandler
                0x08001d2c                SPI2_IRQHandler
                0x08001d2c                USB_LP_CAN_RX0_IRQHandler
                0x08001d2c                MemManage_Handler
                0x08001d2c                SVC_Handler
                0x08001d2c                DMA1_Channel5_IRQHandler
                0x08001d2c                EXTI4_IRQHandler
                0x08001d2c                DMA1_Channel3_IRQHandler
                0x08001d2c                FSMC_IRQHandler
                0x08001d2c                TIM1_UP_IRQHandler
                0x08001d2c                WWDG_IRQHandler
                0x08001d2c                TIM2_IRQHandler
                0x08001d2c                TIM1_BRK_IRQHandler
                0x08001d2c                EXTI1_IRQHandler
                0x08001d2c                RTCAlarm_IRQHandler
                0x08001d2c                DMA2_Channel4_5_IRQHandler
                0x08001d2c                USART2_IRQHandler
                0x08001d2c                I2C2_ER_IRQHandler
                0x08001d2c                DMA1_Channel2_IRQHandler
                0x08001d2c                TIM8_BRK_IRQHandler
                0x08001d2c                FLASH_IRQHandler
                0x08001d2c                BusFault_Handler
                0x08001d2c                USART1_IRQHandler
                0x08001d2c                SPI3_IRQHandler
                0x08001d2c                I2C1_ER_IRQHandler
                0x08001d2c                DMA2_Channel3_IRQHandler
 *fill*         0x08001d2e        0x2 
 .text.__errno  0x08001d30       0x10 C:/ST/STM32CubeIDE_1.18.0/STM32CubeIDE/plugins/com.st.stm32cube.ide.mcu.externaltools.gnu-tools-for-stm32.13.3.rel1.win32_1.0.0.202411081344/tools/bin/../lib/gcc/arm-none-eabi/13.3.1/../../../../arm-none-eabi/lib\libc.a(libc_a-errno.o)
                0x08001d30                __errno
 .text.__libc_init_array
                0x08001d40       0x80 C:/ST/STM32CubeIDE_1.18.0/STM32CubeIDE/plugins/com.st.stm32cube.ide.mcu.externaltools.gnu-tools-for-stm32.13.3.rel1.win32_1.0.0.202411081344/tools/bin/../lib/gcc/arm-none-eabi/13.3.1/../../../../arm-none-eabi/lib\libc.a(libc_a-init.o)
                0x08001d40                __libc_init_array
 .text.__retarget_lock_acquire_recursive
                0x08001dc0        0x4 C:/ST/STM32CubeIDE_1.18.0/STM32CubeIDE/plugins/com.st.stm32cube.ide.mcu.externaltools.gnu-tools-for-stm32.13.3.rel1.win32_1.0.0.202411081344/tools/bin/../lib/gcc/arm-none-eabi/13.3.1/../../../../arm-none-eabi/lib\libc.a(libc_a-lock.o)
                0x08001dc0                __retarget_lock_acquire_recursive
 .text.__retarget_lock_release_recursive
                0x08001dc4        0x4 C:/ST/STM32CubeIDE_1.18.0/STM32CubeIDE/plugins/com.st.stm32cube.ide.mcu.externaltools.gnu-tools-for-stm32.13.3.rel1.win32_1.0.0.202411081344/tools/bin/../lib/gcc/arm-none-eabi/13.3.1/../../../../arm-none-eabi/lib\libc.a(libc_a-lock.o)
                0x08001dc4                __retarget_lock_release_recursive
 .text.startup.register_fini
                0x08001dc8       0x28 C:/ST/STM32CubeIDE_1.18.0/STM32CubeIDE/plugins/com.st.stm32cube.ide.mcu.externaltools.gnu-tools-for-stm32.13.3.rel1.win32_1.0.0.202411081344/tools/bin/../lib/gcc/arm-none-eabi/13.3.1/../../../../arm-none-eabi/lib\libc.a(libc_a-__call_atexit.o)
 .text.atexit   0x08001df0       0x20 C:/ST/STM32CubeIDE_1.18.0/STM32CubeIDE/plugins/com.st.stm32cube.ide.mcu.externaltools.gnu-tools-for-stm32.13.3.rel1.win32_1.0.0.202411081344/tools/bin/../lib/gcc/arm-none-eabi/13.3.1/../../../../arm-none-eabi/lib\libc.a(libc_a-atexit.o)
                0x08001df0                atexit
 .text.__libc_fini_array
                0x08001e10       0x44 C:/ST/STM32CubeIDE_1.18.0/STM32CubeIDE/plugins/com.st.stm32cube.ide.mcu.externaltools.gnu-tools-for-stm32.13.3.rel1.win32_1.0.0.202411081344/tools/bin/../lib/gcc/arm-none-eabi/13.3.1/../../../../arm-none-eabi/lib\libc.a(libc_a-fini.o)
                0x08001e10                __libc_fini_array
 .text.__register_exitproc
                0x08001e54       0xb4 C:/ST/STM32CubeIDE_1.18.0/STM32CubeIDE/plugins/com.st.stm32cube.ide.mcu.externaltools.gnu-tools-for-stm32.13.3.rel1.win32_1.0.0.202411081344/tools/bin/../lib/gcc/arm-none-eabi/13.3.1/../../../../arm-none-eabi/lib\libc.a(libc_a-__atexit.o)
                0x08001e54                __register_exitproc
 .text.abort    0x08001f08       0x14 C:/ST/STM32CubeIDE_1.18.0/STM32CubeIDE/plugins/com.st.stm32cube.ide.mcu.externaltools.gnu-tools-for-stm32.13.3.rel1.win32_1.0.0.202411081344/tools/bin/../lib/gcc/arm-none-eabi/13.3.1/../../../../arm-none-eabi/lib\libg.a(libc_a-abort.o)
                0x08001f08                abort
 .text._raise_r
                0x08001f1c       0x90 C:/ST/STM32CubeIDE_1.18.0/STM32CubeIDE/plugins/com.st.stm32cube.ide.mcu.externaltools.gnu-tools-for-stm32.13.3.rel1.win32_1.0.0.202411081344/tools/bin/../lib/gcc/arm-none-eabi/13.3.1/../../../../arm-none-eabi/lib\libg.a(libc_a-signal.o)
                0x08001f1c                _raise_r
 .text.raise    0x08001fac       0x14 C:/ST/STM32CubeIDE_1.18.0/STM32CubeIDE/plugins/com.st.stm32cube.ide.mcu.externaltools.gnu-tools-for-stm32.13.3.rel1.win32_1.0.0.202411081344/tools/bin/../lib/gcc/arm-none-eabi/13.3.1/../../../../arm-none-eabi/lib\libg.a(libc_a-signal.o)
                0x08001fac                raise
 .text._kill_r  0x08001fc0       0x40 C:/ST/STM32CubeIDE_1.18.0/STM32CubeIDE/plugins/com.st.stm32cube.ide.mcu.externaltools.gnu-tools-for-stm32.13.3.rel1.win32_1.0.0.202411081344/tools/bin/../lib/gcc/arm-none-eabi/13.3.1/../../../../arm-none-eabi/lib\libg.a(libc_a-signalr.o)
                0x08001fc0                _kill_r
 .text._getpid_r
                0x08002000       0x10 C:/ST/STM32CubeIDE_1.18.0/STM32CubeIDE/plugins/com.st.stm32cube.ide.mcu.externaltools.gnu-tools-for-stm32.13.3.rel1.win32_1.0.0.202411081344/tools/bin/../lib/gcc/arm-none-eabi/13.3.1/../../../../arm-none-eabi/lib\libg.a(libc_a-signalr.o)
                0x08002000                _getpid_r
 .text.memcpy   0x08002010       0x1c C:/ST/STM32CubeIDE_1.18.0/STM32CubeIDE/plugins/com.st.stm32cube.ide.mcu.externaltools.gnu-tools-for-stm32.13.3.rel1.win32_1.0.0.202411081344/tools/bin/../lib/gcc/arm-none-eabi/13.3.1/../../../../arm-none-eabi/lib\libg.a(libc_a-memcpy-stub.o)
                0x08002010                memcpy
 *(.glue_7)
 .glue_7        0x0800202c        0x0 linker stubs
 *(.glue_7t)
 .glue_7t       0x0800202c        0x0 linker stubs
 *(.eh_frame)
 .eh_frame      0x0800202c        0x0 C:/ST/STM32CubeIDE_1.18.0/STM32CubeIDE/plugins/com.st.stm32cube.ide.mcu.externaltools.gnu-tools-for-stm32.13.3.rel1.win32_1.0.0.202411081344/tools/bin/../lib/gcc/arm-none-eabi/13.3.1/crtbegin.o
 *(.init)
 .init          0x0800202c        0xc C:/ST/STM32CubeIDE_1.18.0/STM32CubeIDE/plugins/com.st.stm32cube.ide.mcu.externaltools.gnu-tools-for-stm32.13.3.rel1.win32_1.0.0.202411081344/tools/bin/../lib/gcc/arm-none-eabi/13.3.1/crti.o
                0x0800202c                _init
 .init          0x08002038        0xc C:/ST/STM32CubeIDE_1.18.0/STM32CubeIDE/plugins/com.st.stm32cube.ide.mcu.externaltools.gnu-tools-for-stm32.13.3.rel1.win32_1.0.0.202411081344/tools/bin/../lib/gcc/arm-none-eabi/13.3.1/crtn.o
 *(.fini)
 .fini          0x08002044        0xc C:/ST/STM32CubeIDE_1.18.0/STM32CubeIDE/plugins/com.st.stm32cube.ide.mcu.externaltools.gnu-tools-for-stm32.13.3.rel1.win32_1.0.0.202411081344/tools/bin/../lib/gcc/arm-none-eabi/13.3.1/crti.o
                0x08002044                _fini
 .fini          0x08002050        0xc C:/ST/STM32CubeIDE_1.18.0/STM32CubeIDE/plugins/com.st.stm32cube.ide.mcu.externaltools.gnu-tools-for-stm32.13.3.rel1.win32_1.0.0.202411081344/tools/bin/../lib/gcc/arm-none-eabi/13.3.1/crtn.o
                0x0800205c                        . = ALIGN (0x4)
                0x0800205c                        _etext = .

.vfp11_veneer   0x0800205c        0x0
 .vfp11_veneer  0x0800205c        0x0 linker stubs

.v4_bx          0x0800205c        0x0
 .v4_bx         0x0800205c        0x0 linker stubs

.iplt           0x0800205c        0x0
 .iplt          0x0800205c        0x0 C:/ST/STM32CubeIDE_1.18.0/STM32CubeIDE/plugins/com.st.stm32cube.ide.mcu.externaltools.gnu-tools-for-stm32.13.3.rel1.win32_1.0.0.202411081344/tools/bin/../lib/gcc/arm-none-eabi/13.3.1/crtbegin.o

.rodata         0x0800205c        0x0
                0x0800205c                        . = ALIGN (0x4)
 *(.rodata)
 *(.rodata*)
                0x0800205c                        . = ALIGN (0x4)

.ARM.extab      0x0800205c        0xc
                0x0800205c                        . = ALIGN (0x4)
 *(.ARM.extab* .gnu.linkonce.armextab.*)
 .ARM.extab     0x0800205c        0xc CMakeFiles/msmk2.dir/Sources/main.cc.obj
                0x08002068                        . = ALIGN (0x4)

.ARM            0x08002068       0xb8
                0x08002068                        . = ALIGN (0x4)
                0x08002068                        __exidx_start = .
 *(.ARM.exidx*)
 .ARM.exidx     0x08002068        0x8 CMakeFiles/msmk2.dir/Sources/main.cc.obj
 .ARM.exidx     0x08002070        0x8 CMakeFiles/msmk2.dir/Sources/gpio.cc.obj
                                 0x18 (size before relaxing)
 .ARM.exidx     0x08002078       0x78 C:/ST/STM32CubeIDE_1.18.0/STM32CubeIDE/plugins/com.st.stm32cube.ide.mcu.externaltools.gnu-tools-for-stm32.13.3.rel1.win32_1.0.0.202411081344/tools/bin/../lib/gcc/arm-none-eabi/13.3.1\libgcc.a(unwind-arm.o)
                                 0xd8 (size before relaxing)
 .ARM.exidx     0x080020f0       0x30 C:/ST/STM32CubeIDE_1.18.0/STM32CubeIDE/plugins/com.st.stm32cube.ide.mcu.externaltools.gnu-tools-for-stm32.13.3.rel1.win32_1.0.0.202411081344/tools/bin/../lib/gcc/arm-none-eabi/13.3.1\libgcc.a(pr-support.o)
                                 0x38 (size before relaxing)
                0x08002120                        __exidx_end = .
                0x08002120                        . = ALIGN (0x4)

.preinit_array  0x08002120        0x0
                0x08002120                        . = ALIGN (0x4)
                0x08002120                        PROVIDE (__preinit_array_start = .)
 *(.preinit_array*)
                0x08002120                        PROVIDE (__preinit_array_end = .)
                0x08002120                        . = ALIGN (0x4)

.init_array     0x08002120        0x8
                0x08002120                        . = ALIGN (0x4)
                0x08002120                        PROVIDE (__init_array_start = .)
 *(SORT_BY_NAME(.init_array.*))
 .init_array.00000
                0x08002120        0x4 C:/ST/STM32CubeIDE_1.18.0/STM32CubeIDE/plugins/com.st.stm32cube.ide.mcu.externaltools.gnu-tools-for-stm32.13.3.rel1.win32_1.0.0.202411081344/tools/bin/../lib/gcc/arm-none-eabi/13.3.1/../../../../arm-none-eabi/lib\libc.a(libc_a-__call_atexit.o)
 *(.init_array*)
 .init_array    0x08002124        0x4 C:/ST/STM32CubeIDE_1.18.0/STM32CubeIDE/plugins/com.st.stm32cube.ide.mcu.externaltools.gnu-tools-for-stm32.13.3.rel1.win32_1.0.0.202411081344/tools/bin/../lib/gcc/arm-none-eabi/13.3.1/crtbegin.o
                0x08002128                        PROVIDE (__init_array_end = .)
                0x08002128                        . = ALIGN (0x4)

.fini_array     0x08002128        0x4
                0x08002128                        . = ALIGN (0x4)
                0x08002128                        PROVIDE (__fini_array_start = .)
 *(SORT_BY_NAME(.fini_array.*))
 *(.fini_array*)
 .fini_array    0x08002128        0x4 C:/ST/STM32CubeIDE_1.18.0/STM32CubeIDE/plugins/com.st.stm32cube.ide.mcu.externaltools.gnu-tools-for-stm32.13.3.rel1.win32_1.0.0.202411081344/tools/bin/../lib/gcc/arm-none-eabi/13.3.1/crtbegin.o
                0x0800212c                        PROVIDE (__fini_array_end = .)
                0x0800212c                        . = ALIGN (0x4)
                0x0800212c                        _sidata = LOADADDR (.data)

.rel.dyn        0x0800212c        0x0
 .rel.iplt      0x0800212c        0x0 C:/ST/STM32CubeIDE_1.18.0/STM32CubeIDE/plugins/com.st.stm32cube.ide.mcu.externaltools.gnu-tools-for-stm32.13.3.rel1.win32_1.0.0.202411081344/tools/bin/../lib/gcc/arm-none-eabi/13.3.1/crtbegin.o

.data           0x20000000      0x14c load address 0x0800212c
                0x20000000                        . = ALIGN (0x4)
                0x20000000                        _sdata = .
 *(.data)
 *(.data*)
 .data._impure_ptr
                0x20000000        0x4 C:/ST/STM32CubeIDE_1.18.0/STM32CubeIDE/plugins/com.st.stm32cube.ide.mcu.externaltools.gnu-tools-for-stm32.13.3.rel1.win32_1.0.0.202411081344/tools/bin/../lib/gcc/arm-none-eabi/13.3.1/../../../../arm-none-eabi/lib\libc.a(libc_a-impure.o)
                0x20000000                _impure_ptr
 *fill*         0x20000004        0x4 
 .data._impure_data
                0x20000008      0x140 C:/ST/STM32CubeIDE_1.18.0/STM32CubeIDE/plugins/com.st.stm32cube.ide.mcu.externaltools.gnu-tools-for-stm32.13.3.rel1.win32_1.0.0.202411081344/tools/bin/../lib/gcc/arm-none-eabi/13.3.1/../../../../arm-none-eabi/lib\libc.a(libc_a-impure.o)
                0x20000008                _impure_data
 .data.__atexit_recursive_mutex
                0x20000148        0x4 C:/ST/STM32CubeIDE_1.18.0/STM32CubeIDE/plugins/com.st.stm32cube.ide.mcu.externaltools.gnu-tools-for-stm32.13.3.rel1.win32_1.0.0.202411081344/tools/bin/../lib/gcc/arm-none-eabi/13.3.1/../../../../arm-none-eabi/lib\libc.a(libc_a-__call_atexit.o)
                0x20000148                __atexit_recursive_mutex
 *(.RamFunc)
 *(.RamFunc*)
                0x2000014c                        . = ALIGN (0x4)
                0x2000014c                        _edata = .

.igot.plt       0x2000014c        0x0 load address 0x08002278
 .igot.plt      0x2000014c        0x0 C:/ST/STM32CubeIDE_1.18.0/STM32CubeIDE/plugins/com.st.stm32cube.ide.mcu.externaltools.gnu-tools-for-stm32.13.3.rel1.win32_1.0.0.202411081344/tools/bin/../lib/gcc/arm-none-eabi/13.3.1/crtbegin.o
                0x2000014c                        . = ALIGN (0x4)

.bss            0x2000014c      0x2f4 load address 0x08002278
                0x2000014c                        _sbss = .
                0x2000014c                        __bss_start__ = _sbss
 *(.bss)
 .bss           0x2000014c       0x1c C:/ST/STM32CubeIDE_1.18.0/STM32CubeIDE/plugins/com.st.stm32cube.ide.mcu.externaltools.gnu-tools-for-stm32.13.3.rel1.win32_1.0.0.202411081344/tools/bin/../lib/gcc/arm-none-eabi/13.3.1/crtbegin.o
 .bss           0x20000168        0x1 CMakeFiles/msmk2.dir/Sources/main.cc.obj
                0x20000168                gpio_config_info_set
 *(.bss*)
 *fill*         0x20000169        0x3 
 .bss.__sf      0x2000016c      0x138 C:/ST/STM32CubeIDE_1.18.0/STM32CubeIDE/plugins/com.st.stm32cube.ide.mcu.externaltools.gnu-tools-for-stm32.13.3.rel1.win32_1.0.0.202411081344/tools/bin/../lib/gcc/arm-none-eabi/13.3.1/../../../../arm-none-eabi/lib\libc.a(libc_a-findfp.o)
                0x2000016c                __sf
 .bss.errno     0x200002a4        0x4 C:/ST/STM32CubeIDE_1.18.0/STM32CubeIDE/plugins/com.st.stm32cube.ide.mcu.externaltools.gnu-tools-for-stm32.13.3.rel1.win32_1.0.0.202411081344/tools/bin/../lib/gcc/arm-none-eabi/13.3.1/../../../../arm-none-eabi/lib\libc.a(libc_a-reent.o)
                0x200002a4                errno
 .bss.__lock___atexit_recursive_mutex
                0x200002a8        0x1 C:/ST/STM32CubeIDE_1.18.0/STM32CubeIDE/plugins/com.st.stm32cube.ide.mcu.externaltools.gnu-tools-for-stm32.13.3.rel1.win32_1.0.0.202411081344/tools/bin/../lib/gcc/arm-none-eabi/13.3.1/../../../../arm-none-eabi/lib\libc.a(libc_a-lock.o)
                0x200002a8                __lock___atexit_recursive_mutex
 *fill*         0x200002a9        0x3 
 .bss.__atexit  0x200002ac        0x4 C:/ST/STM32CubeIDE_1.18.0/STM32CubeIDE/plugins/com.st.stm32cube.ide.mcu.externaltools.gnu-tools-for-stm32.13.3.rel1.win32_1.0.0.202411081344/tools/bin/../lib/gcc/arm-none-eabi/13.3.1/../../../../arm-none-eabi/lib\libc.a(libc_a-__call_atexit.o)
                0x200002ac                __atexit
 .bss.__atexit0
                0x200002b0      0x190 C:/ST/STM32CubeIDE_1.18.0/STM32CubeIDE/plugins/com.st.stm32cube.ide.mcu.externaltools.gnu-tools-for-stm32.13.3.rel1.win32_1.0.0.202411081344/tools/bin/../lib/gcc/arm-none-eabi/13.3.1/../../../../arm-none-eabi/lib\libc.a(libc_a-__atexit.o)
                0x200002b0                __atexit0
 *(COMMON)
                0x20000440                        . = ALIGN (0x4)
                0x20000440                        _ebss = .
                0x20000440                        __bss_end__ = _ebss

._user_heap_stack
                0x20000440      0x600 load address 0x08002278
                0x20000440                        . = ALIGN (0x8)
                [!provide]                        PROVIDE (end = .)
                0x20000440                        PROVIDE (_end = .)
                0x20000640                        . = (. + _Min_Heap_Size)
 *fill*         0x20000440      0x200 
                0x20000a40                        . = (. + _Min_Stack_Size)
 *fill*         0x20000640      0x400 
                0x20000a40                        . = ALIGN (0x8)

/DISCARD/
 libc.a(*)
 libm.a(*)
 libgcc.a(*)

.ARM.attributes
                0x00000000       0x31
 *(.ARM.attributes)
 .ARM.attributes
                0x00000000       0x1c C:/ST/STM32CubeIDE_1.18.0/STM32CubeIDE/plugins/com.st.stm32cube.ide.mcu.externaltools.gnu-tools-for-stm32.13.3.rel1.win32_1.0.0.202411081344/tools/bin/../lib/gcc/arm-none-eabi/13.3.1/crti.o
 .ARM.attributes
                0x0000001c       0x2a C:/ST/STM32CubeIDE_1.18.0/STM32CubeIDE/plugins/com.st.stm32cube.ide.mcu.externaltools.gnu-tools-for-stm32.13.3.rel1.win32_1.0.0.202411081344/tools/bin/../lib/gcc/arm-none-eabi/13.3.1/crtbegin.o
 .ARM.attributes
                0x00000046       0x2a CMakeFiles/msmk2.dir/Sources/main.cc.obj
 .ARM.attributes
                0x00000070       0x2a CMakeFiles/msmk2.dir/Sources/gpio.cc.obj
 .ARM.attributes
                0x0000009a       0x21 CMakeFiles/msmk2.dir/Startup/startup_stm32f103c6tx.s.obj
 .ARM.attributes
                0x000000bb       0x2d CMakeFiles/msmk2.dir/Sources/syscalls.c.obj
 .ARM.attributes
                0x000000e8       0x2a C:/ST/STM32CubeIDE_1.18.0/STM32CubeIDE/plugins/com.st.stm32cube.ide.mcu.externaltools.gnu-tools-for-stm32.13.3.rel1.win32_1.0.0.202411081344/tools/bin/../lib/gcc/arm-none-eabi/13.3.1/../../../../arm-none-eabi/lib\libc.a(libc_a-findfp.o)
 .ARM.attributes
                0x00000112       0x2a C:/ST/STM32CubeIDE_1.18.0/STM32CubeIDE/plugins/com.st.stm32cube.ide.mcu.externaltools.gnu-tools-for-stm32.13.3.rel1.win32_1.0.0.202411081344/tools/bin/../lib/gcc/arm-none-eabi/13.3.1/../../../../arm-none-eabi/lib\libc.a(libc_a-reent.o)
 .ARM.attributes
                0x0000013c       0x2a C:/ST/STM32CubeIDE_1.18.0/STM32CubeIDE/plugins/com.st.stm32cube.ide.mcu.externaltools.gnu-tools-for-stm32.13.3.rel1.win32_1.0.0.202411081344/tools/bin/../lib/gcc/arm-none-eabi/13.3.1/../../../../arm-none-eabi/lib\libc.a(libc_a-impure.o)
 .ARM.attributes
                0x00000166       0x2a C:/ST/STM32CubeIDE_1.18.0/STM32CubeIDE/plugins/com.st.stm32cube.ide.mcu.externaltools.gnu-tools-for-stm32.13.3.rel1.win32_1.0.0.202411081344/tools/bin/../lib/gcc/arm-none-eabi/13.3.1/../../../../arm-none-eabi/lib\libc.a(libc_a-errno.o)
 .ARM.attributes
                0x00000190       0x2a C:/ST/STM32CubeIDE_1.18.0/STM32CubeIDE/plugins/com.st.stm32cube.ide.mcu.externaltools.gnu-tools-for-stm32.13.3.rel1.win32_1.0.0.202411081344/tools/bin/../lib/gcc/arm-none-eabi/13.3.1/../../../../arm-none-eabi/lib\libc.a(libc_a-init.o)
 .ARM.attributes
                0x000001ba       0x2a C:/ST/STM32CubeIDE_1.18.0/STM32CubeIDE/plugins/com.st.stm32cube.ide.mcu.externaltools.gnu-tools-for-stm32.13.3.rel1.win32_1.0.0.202411081344/tools/bin/../lib/gcc/arm-none-eabi/13.3.1/../../../../arm-none-eabi/lib\libc.a(libc_a-lock.o)
 .ARM.attributes
                0x000001e4       0x2a C:/ST/STM32CubeIDE_1.18.0/STM32CubeIDE/plugins/com.st.stm32cube.ide.mcu.externaltools.gnu-tools-for-stm32.13.3.rel1.win32_1.0.0.202411081344/tools/bin/../lib/gcc/arm-none-eabi/13.3.1/../../../../arm-none-eabi/lib\libc.a(libc_a-__call_atexit.o)
 .ARM.attributes
                0x0000020e       0x2a C:/ST/STM32CubeIDE_1.18.0/STM32CubeIDE/plugins/com.st.stm32cube.ide.mcu.externaltools.gnu-tools-for-stm32.13.3.rel1.win32_1.0.0.202411081344/tools/bin/../lib/gcc/arm-none-eabi/13.3.1/../../../../arm-none-eabi/lib\libc.a(libc_a-atexit.o)
 .ARM.attributes
                0x00000238       0x2a C:/ST/STM32CubeIDE_1.18.0/STM32CubeIDE/plugins/com.st.stm32cube.ide.mcu.externaltools.gnu-tools-for-stm32.13.3.rel1.win32_1.0.0.202411081344/tools/bin/../lib/gcc/arm-none-eabi/13.3.1/../../../../arm-none-eabi/lib\libc.a(libc_a-fini.o)
 .ARM.attributes
                0x00000262       0x2a C:/ST/STM32CubeIDE_1.18.0/STM32CubeIDE/plugins/com.st.stm32cube.ide.mcu.externaltools.gnu-tools-for-stm32.13.3.rel1.win32_1.0.0.202411081344/tools/bin/../lib/gcc/arm-none-eabi/13.3.1/../../../../arm-none-eabi/lib\libc.a(libc_a-__atexit.o)
 .ARM.attributes
                0x0000028c       0x2a C:/ST/STM32CubeIDE_1.18.0/STM32CubeIDE/plugins/com.st.stm32cube.ide.mcu.externaltools.gnu-tools-for-stm32.13.3.rel1.win32_1.0.0.202411081344/tools/bin/../lib/gcc/arm-none-eabi/13.3.1\libgcc.a(unwind-arm.o)
 .ARM.attributes
                0x000002b6       0x1c C:/ST/STM32CubeIDE_1.18.0/STM32CubeIDE/plugins/com.st.stm32cube.ide.mcu.externaltools.gnu-tools-for-stm32.13.3.rel1.win32_1.0.0.202411081344/tools/bin/../lib/gcc/arm-none-eabi/13.3.1\libgcc.a(libunwind.o)
 .ARM.attributes
                0x000002d2       0x2a C:/ST/STM32CubeIDE_1.18.0/STM32CubeIDE/plugins/com.st.stm32cube.ide.mcu.externaltools.gnu-tools-for-stm32.13.3.rel1.win32_1.0.0.202411081344/tools/bin/../lib/gcc/arm-none-eabi/13.3.1\libgcc.a(pr-support.o)
 .ARM.attributes
                0x000002fc       0x2a C:/ST/STM32CubeIDE_1.18.0/STM32CubeIDE/plugins/com.st.stm32cube.ide.mcu.externaltools.gnu-tools-for-stm32.13.3.rel1.win32_1.0.0.202411081344/tools/bin/../lib/gcc/arm-none-eabi/13.3.1/../../../../arm-none-eabi/lib\libg.a(libc_a-abort.o)
 .ARM.attributes
                0x00000326       0x2a C:/ST/STM32CubeIDE_1.18.0/STM32CubeIDE/plugins/com.st.stm32cube.ide.mcu.externaltools.gnu-tools-for-stm32.13.3.rel1.win32_1.0.0.202411081344/tools/bin/../lib/gcc/arm-none-eabi/13.3.1/../../../../arm-none-eabi/lib\libg.a(libc_a-signal.o)
 .ARM.attributes
                0x00000350       0x2a C:/ST/STM32CubeIDE_1.18.0/STM32CubeIDE/plugins/com.st.stm32cube.ide.mcu.externaltools.gnu-tools-for-stm32.13.3.rel1.win32_1.0.0.202411081344/tools/bin/../lib/gcc/arm-none-eabi/13.3.1/../../../../arm-none-eabi/lib\libg.a(libc_a-signalr.o)
 .ARM.attributes
                0x0000037a       0x2a C:/ST/STM32CubeIDE_1.18.0/STM32CubeIDE/plugins/com.st.stm32cube.ide.mcu.externaltools.gnu-tools-for-stm32.13.3.rel1.win32_1.0.0.202411081344/tools/bin/../lib/gcc/arm-none-eabi/13.3.1/../../../../arm-none-eabi/lib\libg.a(libc_a-memcpy-stub.o)
 .ARM.attributes
                0x000003a4       0x1c C:/ST/STM32CubeIDE_1.18.0/STM32CubeIDE/plugins/com.st.stm32cube.ide.mcu.externaltools.gnu-tools-for-stm32.13.3.rel1.win32_1.0.0.202411081344/tools/bin/../lib/gcc/arm-none-eabi/13.3.1/crtn.o
OUTPUT(msmk2.elf elf32-littlearm)
LOAD linker stubs
LOAD C:/ST/STM32CubeIDE_1.18.0/STM32CubeIDE/plugins/com.st.stm32cube.ide.mcu.externaltools.gnu-tools-for-stm32.13.3.rel1.win32_1.0.0.202411081344/tools/bin/../lib/gcc/arm-none-eabi/13.3.1/../../../../arm-none-eabi/lib\libc.a
LOAD C:/ST/STM32CubeIDE_1.18.0/STM32CubeIDE/plugins/com.st.stm32cube.ide.mcu.externaltools.gnu-tools-for-stm32.13.3.rel1.win32_1.0.0.202411081344/tools/bin/../lib/gcc/arm-none-eabi/13.3.1/../../../../arm-none-eabi/lib\libm.a
LOAD C:/ST/STM32CubeIDE_1.18.0/STM32CubeIDE/plugins/com.st.stm32cube.ide.mcu.externaltools.gnu-tools-for-stm32.13.3.rel1.win32_1.0.0.202411081344/tools/bin/../lib/gcc/arm-none-eabi/13.3.1\libgcc.a

.debug_info     0x00000000     0x1dbb
 .debug_info    0x00000000      0x10c CMakeFiles/msmk2.dir/Sources/main.cc.obj
 .debug_info    0x0000010c      0x17e CMakeFiles/msmk2.dir/Sources/gpio.cc.obj
 .debug_info    0x0000028a       0x30 CMakeFiles/msmk2.dir/Startup/startup_stm32f103c6tx.s.obj
 .debug_info    0x000002ba      0x69f CMakeFiles/msmk2.dir/Sources/syscalls.c.obj
 .debug_info    0x00000959       0xd8 C:/ST/STM32CubeIDE_1.18.0/STM32CubeIDE/plugins/com.st.stm32cube.ide.mcu.externaltools.gnu-tools-for-stm32.13.3.rel1.win32_1.0.0.202411081344/tools/bin/../lib/gcc/arm-none-eabi/13.3.1/../../../../arm-none-eabi/lib\libg.a(libc_a-abort.o)
 .debug_info    0x00000a31      0xa40 C:/ST/STM32CubeIDE_1.18.0/STM32CubeIDE/plugins/com.st.stm32cube.ide.mcu.externaltools.gnu-tools-for-stm32.13.3.rel1.win32_1.0.0.202411081344/tools/bin/../lib/gcc/arm-none-eabi/13.3.1/../../../../arm-none-eabi/lib\libg.a(libc_a-signal.o)
 .debug_info    0x00001471      0x829 C:/ST/STM32CubeIDE_1.18.0/STM32CubeIDE/plugins/com.st.stm32cube.ide.mcu.externaltools.gnu-tools-for-stm32.13.3.rel1.win32_1.0.0.202411081344/tools/bin/../lib/gcc/arm-none-eabi/13.3.1/../../../../arm-none-eabi/lib\libg.a(libc_a-signalr.o)
 .debug_info    0x00001c9a      0x121 C:/ST/STM32CubeIDE_1.18.0/STM32CubeIDE/plugins/com.st.stm32cube.ide.mcu.externaltools.gnu-tools-for-stm32.13.3.rel1.win32_1.0.0.202411081344/tools/bin/../lib/gcc/arm-none-eabi/13.3.1/../../../../arm-none-eabi/lib\libg.a(libc_a-memcpy-stub.o)

.debug_abbrev   0x00000000      0x9ac
 .debug_abbrev  0x00000000       0xc0 CMakeFiles/msmk2.dir/Sources/main.cc.obj
 .debug_abbrev  0x000000c0      0x115 CMakeFiles/msmk2.dir/Sources/gpio.cc.obj
 .debug_abbrev  0x000001d5       0x24 CMakeFiles/msmk2.dir/Startup/startup_stm32f103c6tx.s.obj
 .debug_abbrev  0x000001f9      0x1b4 CMakeFiles/msmk2.dir/Sources/syscalls.c.obj
 .debug_abbrev  0x000003ad       0x99 C:/ST/STM32CubeIDE_1.18.0/STM32CubeIDE/plugins/com.st.stm32cube.ide.mcu.externaltools.gnu-tools-for-stm32.13.3.rel1.win32_1.0.0.202411081344/tools/bin/../lib/gcc/arm-none-eabi/13.3.1/../../../../arm-none-eabi/lib\libg.a(libc_a-abort.o)
 .debug_abbrev  0x00000446      0x27c C:/ST/STM32CubeIDE_1.18.0/STM32CubeIDE/plugins/com.st.stm32cube.ide.mcu.externaltools.gnu-tools-for-stm32.13.3.rel1.win32_1.0.0.202411081344/tools/bin/../lib/gcc/arm-none-eabi/13.3.1/../../../../arm-none-eabi/lib\libg.a(libc_a-signal.o)
 .debug_abbrev  0x000006c2      0x229 C:/ST/STM32CubeIDE_1.18.0/STM32CubeIDE/plugins/com.st.stm32cube.ide.mcu.externaltools.gnu-tools-for-stm32.13.3.rel1.win32_1.0.0.202411081344/tools/bin/../lib/gcc/arm-none-eabi/13.3.1/../../../../arm-none-eabi/lib\libg.a(libc_a-signalr.o)
 .debug_abbrev  0x000008eb       0xc1 C:/ST/STM32CubeIDE_1.18.0/STM32CubeIDE/plugins/com.st.stm32cube.ide.mcu.externaltools.gnu-tools-for-stm32.13.3.rel1.win32_1.0.0.202411081344/tools/bin/../lib/gcc/arm-none-eabi/13.3.1/../../../../arm-none-eabi/lib\libg.a(libc_a-memcpy-stub.o)

.debug_aranges  0x00000000      0x148
 .debug_aranges
                0x00000000       0x20 CMakeFiles/msmk2.dir/Sources/main.cc.obj
 .debug_aranges
                0x00000020       0x20 CMakeFiles/msmk2.dir/Sources/gpio.cc.obj
 .debug_aranges
                0x00000040       0x28 CMakeFiles/msmk2.dir/Startup/startup_stm32f103c6tx.s.obj
 .debug_aranges
                0x00000068       0x20 CMakeFiles/msmk2.dir/Sources/syscalls.c.obj
 .debug_aranges
                0x00000088       0x20 C:/ST/STM32CubeIDE_1.18.0/STM32CubeIDE/plugins/com.st.stm32cube.ide.mcu.externaltools.gnu-tools-for-stm32.13.3.rel1.win32_1.0.0.202411081344/tools/bin/../lib/gcc/arm-none-eabi/13.3.1/../../../../arm-none-eabi/lib\libg.a(libc_a-abort.o)
 .debug_aranges
                0x000000a8       0x58 C:/ST/STM32CubeIDE_1.18.0/STM32CubeIDE/plugins/com.st.stm32cube.ide.mcu.externaltools.gnu-tools-for-stm32.13.3.rel1.win32_1.0.0.202411081344/tools/bin/../lib/gcc/arm-none-eabi/13.3.1/../../../../arm-none-eabi/lib\libg.a(libc_a-signal.o)
 .debug_aranges
                0x00000100       0x28 C:/ST/STM32CubeIDE_1.18.0/STM32CubeIDE/plugins/com.st.stm32cube.ide.mcu.externaltools.gnu-tools-for-stm32.13.3.rel1.win32_1.0.0.202411081344/tools/bin/../lib/gcc/arm-none-eabi/13.3.1/../../../../arm-none-eabi/lib\libg.a(libc_a-signalr.o)
 .debug_aranges
                0x00000128       0x20 C:/ST/STM32CubeIDE_1.18.0/STM32CubeIDE/plugins/com.st.stm32cube.ide.mcu.externaltools.gnu-tools-for-stm32.13.3.rel1.win32_1.0.0.202411081344/tools/bin/../lib/gcc/arm-none-eabi/13.3.1/../../../../arm-none-eabi/lib\libg.a(libc_a-memcpy-stub.o)

.debug_line     0x00000000     0x1323
 .debug_line    0x00000000      0x268 CMakeFiles/msmk2.dir/Sources/main.cc.obj
 .debug_line    0x00000268      0x2be CMakeFiles/msmk2.dir/Sources/gpio.cc.obj
 .debug_line    0x00000526       0x7b CMakeFiles/msmk2.dir/Startup/startup_stm32f103c6tx.s.obj
 .debug_line    0x000005a1      0x37d CMakeFiles/msmk2.dir/Sources/syscalls.c.obj
 .debug_line    0x0000091e      0x167 C:/ST/STM32CubeIDE_1.18.0/STM32CubeIDE/plugins/com.st.stm32cube.ide.mcu.externaltools.gnu-tools-for-stm32.13.3.rel1.win32_1.0.0.202411081344/tools/bin/../lib/gcc/arm-none-eabi/13.3.1/../../../../arm-none-eabi/lib\libg.a(libc_a-abort.o)
 .debug_line    0x00000a85      0x454 C:/ST/STM32CubeIDE_1.18.0/STM32CubeIDE/plugins/com.st.stm32cube.ide.mcu.externaltools.gnu-tools-for-stm32.13.3.rel1.win32_1.0.0.202411081344/tools/bin/../lib/gcc/arm-none-eabi/13.3.1/../../../../arm-none-eabi/lib\libg.a(libc_a-signal.o)
 .debug_line    0x00000ed9      0x25f C:/ST/STM32CubeIDE_1.18.0/STM32CubeIDE/plugins/com.st.stm32cube.ide.mcu.externaltools.gnu-tools-for-stm32.13.3.rel1.win32_1.0.0.202411081344/tools/bin/../lib/gcc/arm-none-eabi/13.3.1/../../../../arm-none-eabi/lib\libg.a(libc_a-signalr.o)
 .debug_line    0x00001138      0x1eb C:/ST/STM32CubeIDE_1.18.0/STM32CubeIDE/plugins/com.st.stm32cube.ide.mcu.externaltools.gnu-tools-for-stm32.13.3.rel1.win32_1.0.0.202411081344/tools/bin/../lib/gcc/arm-none-eabi/13.3.1/../../../../arm-none-eabi/lib\libg.a(libc_a-memcpy-stub.o)

.debug_str      0x00000000      0xab5
 .debug_str     0x00000000      0xab5 CMakeFiles/msmk2.dir/Sources/main.cc.obj
                                0x1f6 (size before relaxing)
 .debug_str     0x00000ab5      0x1e1 CMakeFiles/msmk2.dir/Sources/gpio.cc.obj
 .debug_str     0x00000ab5       0x6c CMakeFiles/msmk2.dir/Startup/startup_stm32f103c6tx.s.obj
 .debug_str     0x00000ab5      0x39b CMakeFiles/msmk2.dir/Sources/syscalls.c.obj
 .debug_str     0x00000ab5      0x1f2 C:/ST/STM32CubeIDE_1.18.0/STM32CubeIDE/plugins/com.st.stm32cube.ide.mcu.externaltools.gnu-tools-for-stm32.13.3.rel1.win32_1.0.0.202411081344/tools/bin/../lib/gcc/arm-none-eabi/13.3.1/../../../../arm-none-eabi/lib\libg.a(libc_a-abort.o)
 .debug_str     0x00000ab5      0x59b C:/ST/STM32CubeIDE_1.18.0/STM32CubeIDE/plugins/com.st.stm32cube.ide.mcu.externaltools.gnu-tools-for-stm32.13.3.rel1.win32_1.0.0.202411081344/tools/bin/../lib/gcc/arm-none-eabi/13.3.1/../../../../arm-none-eabi/lib\libg.a(libc_a-signal.o)
 .debug_str     0x00000ab5      0x530 C:/ST/STM32CubeIDE_1.18.0/STM32CubeIDE/plugins/com.st.stm32cube.ide.mcu.externaltools.gnu-tools-for-stm32.13.3.rel1.win32_1.0.0.202411081344/tools/bin/../lib/gcc/arm-none-eabi/13.3.1/../../../../arm-none-eabi/lib\libg.a(libc_a-signalr.o)
 .debug_str     0x00000ab5      0x20d C:/ST/STM32CubeIDE_1.18.0/STM32CubeIDE/plugins/com.st.stm32cube.ide.mcu.externaltools.gnu-tools-for-stm32.13.3.rel1.win32_1.0.0.202411081344/tools/bin/../lib/gcc/arm-none-eabi/13.3.1/../../../../arm-none-eabi/lib\libg.a(libc_a-memcpy-stub.o)

.comment        0x00000000       0x43
 .comment       0x00000000       0x43 CMakeFiles/msmk2.dir/Sources/main.cc.obj
                                 0x44 (size before relaxing)
 .comment       0x00000043       0x44 CMakeFiles/msmk2.dir/Sources/gpio.cc.obj
 .comment       0x00000043       0x44 CMakeFiles/msmk2.dir/Sources/syscalls.c.obj
 .comment       0x00000043       0x44 C:/ST/STM32CubeIDE_1.18.0/STM32CubeIDE/plugins/com.st.stm32cube.ide.mcu.externaltools.gnu-tools-for-stm32.13.3.rel1.win32_1.0.0.202411081344/tools/bin/../lib/gcc/arm-none-eabi/13.3.1/../../../../arm-none-eabi/lib\libg.a(libc_a-abort.o)
 .comment       0x00000043       0x44 C:/ST/STM32CubeIDE_1.18.0/STM32CubeIDE/plugins/com.st.stm32cube.ide.mcu.externaltools.gnu-tools-for-stm32.13.3.rel1.win32_1.0.0.202411081344/tools/bin/../lib/gcc/arm-none-eabi/13.3.1/../../../../arm-none-eabi/lib\libg.a(libc_a-signal.o)
 .comment       0x00000043       0x44 C:/ST/STM32CubeIDE_1.18.0/STM32CubeIDE/plugins/com.st.stm32cube.ide.mcu.externaltools.gnu-tools-for-stm32.13.3.rel1.win32_1.0.0.202411081344/tools/bin/../lib/gcc/arm-none-eabi/13.3.1/../../../../arm-none-eabi/lib\libg.a(libc_a-signalr.o)
 .comment       0x00000043       0x44 C:/ST/STM32CubeIDE_1.18.0/STM32CubeIDE/plugins/com.st.stm32cube.ide.mcu.externaltools.gnu-tools-for-stm32.13.3.rel1.win32_1.0.0.202411081344/tools/bin/../lib/gcc/arm-none-eabi/13.3.1/../../../../arm-none-eabi/lib\libg.a(libc_a-memcpy-stub.o)

.debug_frame    0x00000000      0xcf0
 .debug_frame   0x00000000       0x2c CMakeFiles/msmk2.dir/Sources/main.cc.obj
 .debug_frame   0x0000002c       0x74 CMakeFiles/msmk2.dir/Sources/gpio.cc.obj
 .debug_frame   0x000000a0      0x2ac CMakeFiles/msmk2.dir/Sources/syscalls.c.obj
 .debug_frame   0x0000034c      0x178 C:/ST/STM32CubeIDE_1.18.0/STM32CubeIDE/plugins/com.st.stm32cube.ide.mcu.externaltools.gnu-tools-for-stm32.13.3.rel1.win32_1.0.0.202411081344/tools/bin/../lib/gcc/arm-none-eabi/13.3.1/../../../../arm-none-eabi/lib\libc.a(libc_a-findfp.o)
 .debug_frame   0x000004c4       0x40 C:/ST/STM32CubeIDE_1.18.0/STM32CubeIDE/plugins/com.st.stm32cube.ide.mcu.externaltools.gnu-tools-for-stm32.13.3.rel1.win32_1.0.0.202411081344/tools/bin/../lib/gcc/arm-none-eabi/13.3.1/../../../../arm-none-eabi/lib\libc.a(libc_a-reent.o)
 .debug_frame   0x00000504       0x20 C:/ST/STM32CubeIDE_1.18.0/STM32CubeIDE/plugins/com.st.stm32cube.ide.mcu.externaltools.gnu-tools-for-stm32.13.3.rel1.win32_1.0.0.202411081344/tools/bin/../lib/gcc/arm-none-eabi/13.3.1/../../../../arm-none-eabi/lib\libc.a(libc_a-errno.o)
 .debug_frame   0x00000524       0x38 C:/ST/STM32CubeIDE_1.18.0/STM32CubeIDE/plugins/com.st.stm32cube.ide.mcu.externaltools.gnu-tools-for-stm32.13.3.rel1.win32_1.0.0.202411081344/tools/bin/../lib/gcc/arm-none-eabi/13.3.1/../../../../arm-none-eabi/lib\libc.a(libc_a-init.o)
 .debug_frame   0x0000055c       0xb0 C:/ST/STM32CubeIDE_1.18.0/STM32CubeIDE/plugins/com.st.stm32cube.ide.mcu.externaltools.gnu-tools-for-stm32.13.3.rel1.win32_1.0.0.202411081344/tools/bin/../lib/gcc/arm-none-eabi/13.3.1/../../../../arm-none-eabi/lib\libc.a(libc_a-lock.o)
 .debug_frame   0x0000060c       0x64 C:/ST/STM32CubeIDE_1.18.0/STM32CubeIDE/plugins/com.st.stm32cube.ide.mcu.externaltools.gnu-tools-for-stm32.13.3.rel1.win32_1.0.0.202411081344/tools/bin/../lib/gcc/arm-none-eabi/13.3.1/../../../../arm-none-eabi/lib\libc.a(libc_a-__call_atexit.o)
 .debug_frame   0x00000670       0x2c C:/ST/STM32CubeIDE_1.18.0/STM32CubeIDE/plugins/com.st.stm32cube.ide.mcu.externaltools.gnu-tools-for-stm32.13.3.rel1.win32_1.0.0.202411081344/tools/bin/../lib/gcc/arm-none-eabi/13.3.1/../../../../arm-none-eabi/lib\libc.a(libc_a-atexit.o)
 .debug_frame   0x0000069c       0x38 C:/ST/STM32CubeIDE_1.18.0/STM32CubeIDE/plugins/com.st.stm32cube.ide.mcu.externaltools.gnu-tools-for-stm32.13.3.rel1.win32_1.0.0.202411081344/tools/bin/../lib/gcc/arm-none-eabi/13.3.1/../../../../arm-none-eabi/lib\libc.a(libc_a-fini.o)
 .debug_frame   0x000006d4       0x3c C:/ST/STM32CubeIDE_1.18.0/STM32CubeIDE/plugins/com.st.stm32cube.ide.mcu.externaltools.gnu-tools-for-stm32.13.3.rel1.win32_1.0.0.202411081344/tools/bin/../lib/gcc/arm-none-eabi/13.3.1/../../../../arm-none-eabi/lib\libc.a(libc_a-__atexit.o)
 .debug_frame   0x00000710      0x350 C:/ST/STM32CubeIDE_1.18.0/STM32CubeIDE/plugins/com.st.stm32cube.ide.mcu.externaltools.gnu-tools-for-stm32.13.3.rel1.win32_1.0.0.202411081344/tools/bin/../lib/gcc/arm-none-eabi/13.3.1\libgcc.a(unwind-arm.o)
 .debug_frame   0x00000a60      0x10c C:/ST/STM32CubeIDE_1.18.0/STM32CubeIDE/plugins/com.st.stm32cube.ide.mcu.externaltools.gnu-tools-for-stm32.13.3.rel1.win32_1.0.0.202411081344/tools/bin/../lib/gcc/arm-none-eabi/13.3.1\libgcc.a(pr-support.o)
 .debug_frame   0x00000b6c       0x28 C:/ST/STM32CubeIDE_1.18.0/STM32CubeIDE/plugins/com.st.stm32cube.ide.mcu.externaltools.gnu-tools-for-stm32.13.3.rel1.win32_1.0.0.202411081344/tools/bin/../lib/gcc/arm-none-eabi/13.3.1/../../../../arm-none-eabi/lib\libg.a(libc_a-abort.o)
 .debug_frame   0x00000b94       0xec C:/ST/STM32CubeIDE_1.18.0/STM32CubeIDE/plugins/com.st.stm32cube.ide.mcu.externaltools.gnu-tools-for-stm32.13.3.rel1.win32_1.0.0.202411081344/tools/bin/../lib/gcc/arm-none-eabi/13.3.1/../../../../arm-none-eabi/lib\libg.a(libc_a-signal.o)
 .debug_frame   0x00000c80       0x50 C:/ST/STM32CubeIDE_1.18.0/STM32CubeIDE/plugins/com.st.stm32cube.ide.mcu.externaltools.gnu-tools-for-stm32.13.3.rel1.win32_1.0.0.202411081344/tools/bin/../lib/gcc/arm-none-eabi/13.3.1/../../../../arm-none-eabi/lib\libg.a(libc_a-signalr.o)
 .debug_frame   0x00000cd0       0x20 C:/ST/STM32CubeIDE_1.18.0/STM32CubeIDE/plugins/com.st.stm32cube.ide.mcu.externaltools.gnu-tools-for-stm32.13.3.rel1.win32_1.0.0.202411081344/tools/bin/../lib/gcc/arm-none-eabi/13.3.1/../../../../arm-none-eabi/lib\libg.a(libc_a-memcpy-stub.o)

.debug_line_str
                0x00000000       0x50
 .debug_line_str
                0x00000000       0x50 CMakeFiles/msmk2.dir/Startup/startup_stm32f103c6tx.s.obj

.debug_rnglists
                0x00000000       0x97
 .debug_rnglists
                0x00000000       0x19 CMakeFiles/msmk2.dir/Startup/startup_stm32f103c6tx.s.obj
 .debug_rnglists
                0x00000019       0x13 C:/ST/STM32CubeIDE_1.18.0/STM32CubeIDE/plugins/com.st.stm32cube.ide.mcu.externaltools.gnu-tools-for-stm32.13.3.rel1.win32_1.0.0.202411081344/tools/bin/../lib/gcc/arm-none-eabi/13.3.1/../../../../arm-none-eabi/lib\libg.a(libc_a-abort.o)
 .debug_rnglists
                0x0000002c       0x3f C:/ST/STM32CubeIDE_1.18.0/STM32CubeIDE/plugins/com.st.stm32cube.ide.mcu.externaltools.gnu-tools-for-stm32.13.3.rel1.win32_1.0.0.202411081344/tools/bin/../lib/gcc/arm-none-eabi/13.3.1/../../../../arm-none-eabi/lib\libg.a(libc_a-signal.o)
 .debug_rnglists
                0x0000006b       0x19 C:/ST/STM32CubeIDE_1.18.0/STM32CubeIDE/plugins/com.st.stm32cube.ide.mcu.externaltools.gnu-tools-for-stm32.13.3.rel1.win32_1.0.0.202411081344/tools/bin/../lib/gcc/arm-none-eabi/13.3.1/../../../../arm-none-eabi/lib\libg.a(libc_a-signalr.o)
 .debug_rnglists
                0x00000084       0x13 C:/ST/STM32CubeIDE_1.18.0/STM32CubeIDE/plugins/com.st.stm32cube.ide.mcu.externaltools.gnu-tools-for-stm32.13.3.rel1.win32_1.0.0.202411081344/tools/bin/../lib/gcc/arm-none-eabi/13.3.1/../../../../arm-none-eabi/lib\libg.a(libc_a-memcpy-stub.o)

.debug_loclists
                0x00000000      0x3ec
 .debug_loclists
                0x00000000      0x2bd C:/ST/STM32CubeIDE_1.18.0/STM32CubeIDE/plugins/com.st.stm32cube.ide.mcu.externaltools.gnu-tools-for-stm32.13.3.rel1.win32_1.0.0.202411081344/tools/bin/../lib/gcc/arm-none-eabi/13.3.1/../../../../arm-none-eabi/lib\libg.a(libc_a-signal.o)
 .debug_loclists
                0x000002bd       0xa4 C:/ST/STM32CubeIDE_1.18.0/STM32CubeIDE/plugins/com.st.stm32cube.ide.mcu.externaltools.gnu-tools-for-stm32.13.3.rel1.win32_1.0.0.202411081344/tools/bin/../lib/gcc/arm-none-eabi/13.3.1/../../../../arm-none-eabi/lib\libg.a(libc_a-signalr.o)
 .debug_loclists
                0x00000361       0x8b C:/ST/STM32CubeIDE_1.18.0/STM32CubeIDE/plugins/com.st.stm32cube.ide.mcu.externaltools.gnu-tools-for-stm32.13.3.rel1.win32_1.0.0.202411081344/tools/bin/../lib/gcc/arm-none-eabi/13.3.1/../../../../arm-none-eabi/lib\libg.a(libc_a-memcpy-stub.o)
